14:12:02 **** Incremental Build of configuration Debug for project ps919106840315 ****
make pre-build main-build 
a9-linaro-pre-build-step
' '
'Building file: ../src/helloworld.c'
'Invoking: ARM v7 gcc compiler'
arm-none-eabi-gcc -Wall -O0 -g3 -c -fmessage-length=0 -MT"src/helloworld.o" -mcpu=cortex-a9 -mfpu=vfpv3 -mfloat-abi=hard -I../../standalone_bsp_0/ps7_cortexa9_0/include -MMD -MP -MF"src/helloworld.d" -MT"src/helloworld.o" -o "src/helloworld.o" "../src/helloworld.c"
../src/helloworld.c: In function 'main':
../src/helloworld.c:175:14: warning: implicit declaration of function 'xipan' [-Wimplicit-function-declaration]
              xipan(0);
              ^~~~~
../src/helloworld.c: At top level:
../src/helloworld.c:362:6: warning: conflicting types for 'xipan'
 void xipan(int xi_ID){
      ^~~~~
../src/helloworld.c:175:14: note: previous implicit declaration of 'xipan' was here
              xipan(0);
              ^~~~~
'Finished building: ../src/helloworld.c'
' '
'Building target: ps919106840315.elf'
'Invoking: ARM v7 gcc linker'
arm-none-eabi-gcc -mcpu=cortex-a9 -mfpu=vfpv3 -mfloat-abi=hard -Wl,-build-id=none -specs=Xilinx.spec -Wl,-T -Wl,../src/lscript.ld -L../../standalone_bsp_0/ps7_cortexa9_0/lib -o "ps919106840315.elf"  ./src/helloworld.o ./src/platform.o   -Wl,--start-group,-lxil,-lgcc,-lc,--end-group
'Finished building target: ps919106840315.elf'
' '
'Invoking: ARM v7 Print Size'
arm-none-eabi-size ps919106840315.elf  |tee "ps919106840315.elf.size"
   text	   data	    bss	    dec	    hex	filename
  23040	   1144	  22568	  46752	   b6a0	ps919106840315.elf
'Finished building: ps919106840315.elf.size'
' '

14:12:03 Build Finished (took 477ms)

